[rainbowit.net/html/nuron/index.html]
[backblue.gif]
[fade.gif]
[index.html]
[rainbowit.net/html/nuron/assets/images/favicon.png]
[rainbowit.net/html/nuron/assets/css/vendor/bootstrap.min.css]
[rainbowit.net/html/nuron/assets/css/vendor/slick.css]
[rainbowit.net/html/nuron/assets/css/vendor/slick-theme.css]
[rainbowit.net/html/nuron/assets/css/vendor/nice-select.css]
[rainbowit.net/html/nuron/assets/css/plugins/feature.css]
[rainbowit.net/html/nuron/assets/css/plugins/jquery-ui.min.css]
[rainbowit.net/html/nuron/assets/css/vendor/odometer.css]
[rainbowit.net/html/nuron/assets/images/logo/logo-white.png]
[rainbowit.net/html/nuron/assets/css/style.css]
[rainbowit.net/html/nuron/assets/images/logo/logo-dark.png]
[rainbowit.net/html/nuron/index-two.html]
[rainbowit.net/html/nuron/index-three.html]
[rainbowit.net/html/nuron/index-five.html]
[rainbowit.net/html/nuron/index-four.html]
[rainbowit.net/html/nuron/index-six.html]
[rainbowit.net/html/nuron/index-seven.html]
[rainbowit.net/html/nuron/index-eight.html]
[rainbowit.net/html/nuron/index-nine.html]
[rainbowit.net/html/nuron/index-ten.html]
[rainbowit.net/html/nuron/index-eleven.html]
[rainbowit.net/html/nuron/index-twelve.html]
[rainbowit.net/html/nuron/index-thirteen.html]
[rainbowit.net/html/nuron/index-fourteen.html]
[rainbowit.net/html/nuron/index-fifteen.html]
[rainbowit.net/html/nuron/index-sixteen.html]
[rainbowit.net/html/nuron/index-seventeen.html]
[rainbowit.net/html/nuron/index-eighteen.html]
[rainbowit.net/html/nuron/about.html]
[rainbowit.net/html/nuron/explore-one.html]
[rainbowit.net/html/nuron/explore-two.html]
[rainbowit.net/html/nuron/explore-three.html]
[rainbowit.net/html/nuron/explore-four.html]
[rainbowit.net/html/nuron/explore-five.html]
[rainbowit.net/html/nuron/explore-six.html]
[rainbowit.net/html/nuron/explore-seven.html]
[rainbowit.net/html/nuron/explore-eight.html]
[rainbowit.net/html/nuron/explore-list-style.html]
[rainbowit.net/html/nuron/explore-list-column-two.html]
[rainbowit.net/html/nuron/explore-left-filter.html]
[rainbowit.net/html/nuron/explore-live.html]
[rainbowit.net/html/nuron/explore-live-two.html]
[rainbowit.net/html/nuron/explore-live-three.html]
[rainbowit.net/html/nuron/create.html]
[rainbowit.net/html/nuron/activity.html]
[rainbowit.net/html/nuron/upload-variants.html]
[rainbowit.net/html/nuron/creator.html]
[rainbowit.net/html/nuron/collection.html]
[rainbowit.net/html/nuron/upcoming_projects.html]
[rainbowit.net/html/nuron/create-collection.html]
[rainbowit.net/html/nuron/login.html]
[rainbowit.net/html/nuron/sign-up.html]
[rainbowit.net/html/nuron/forget.html]
[rainbowit.net/html/nuron/author.html]
[rainbowit.net/html/nuron/connect.html]
[rainbowit.net/html/nuron/privacy-policy.html]
[rainbowit.net/html/nuron/newsletter.html]
[rainbowit.net/html/nuron/product.html]
[rainbowit.net/html/nuron/product-details.html]
[rainbowit.net/html/nuron/ranking.html]
[rainbowit.net/html/nuron/edit-profile.html]
[rainbowit.net/html/nuron/blog-details.html]
[rainbowit.net/html/nuron/404.html]
[rainbowit.net/html/nuron/forum-community.html]
[rainbowit.net/html/nuron/contact.html]
[rainbowit.net/html/nuron/support.html]
[rainbowit.net/html/nuron/terms-condition.html]
[rainbowit.net/html/nuron/coming-soon.html]
[rainbowit.net/html/nuron/forum-details.html]
[rainbowit.net/html/nuron/blog.html]
[rainbowit.net/html/nuron/blog-single-col.html]
[rainbowit.net/html/nuron/blog-col-two.html]
[rainbowit.net/html/nuron/blog-col-three.html]
[rainbowit.net/html/nuron/assets/images/icons/boy-avater.png]
[rainbowit.net/html/nuron/assets/images/portfolio/portfolio-07.jpg]
[rainbowit.net/html/nuron/assets/images/portfolio/portfolio-01.jpg]
[rainbowit.net/html/nuron/assets/images/icons/sun-01.svg]
[rainbowit.net/html/nuron/assets/images/icons/vector.svg]
[rainbowit.net/html/nuron/assets/images/slider/slider-1.png]
[rainbowit.net/html/nuron/assets/images/client/client-2.png]
[rainbowit.net/html/nuron/assets/images/client/client-3.png]
[rainbowit.net/html/nuron/assets/images/client/client-5.png]
[rainbowit.net/html/nuron/assets/images/portfolio/portfolio-10.jpg]
[rainbowit.net/html/nuron/assets/images/client/client-1.png]
[rainbowit.net/html/nuron/assets/images/client/client-6.png]
[rainbowit.net/html/nuron/assets/images/client/client-8.png]
[rainbowit.net/html/nuron/assets/images/portfolio/portfolio-03.jpg]
[rainbowit.net/html/nuron/assets/images/client/client-4.png]
[rainbowit.net/html/nuron/assets/images/client/client-11.png]
[rainbowit.net/html/nuron/assets/images/portfolio/portfolio-06.jpg]
[rainbowit.net/html/nuron/assets/images/client/client-10.png]
[rainbowit.net/html/nuron/assets/images/icons/shape-7.png]
[rainbowit.net/html/nuron/assets/images/icons/shape-1.png]
[rainbowit.net/html/nuron/assets/images/icons/shape-5.png]
[rainbowit.net/html/nuron/assets/images/icons/shape-6.png]
[rainbowit.net/html/nuron/assets/images/portfolio/portfolio-02.jpg]
[rainbowit.net/html/nuron/assets/images/portfolio/portfolio-05.jpg]
[rainbowit.net/html/nuron/assets/images/client/client-7.png]
[rainbowit.net/html/nuron/assets/images/client/client-12.png]
[rainbowit.net/html/nuron/assets/images/portfolio/portfolio-09.jpg]
[rainbowit.net/html/nuron/assets/images/portfolio/portfolio-11.jpg]
[rainbowit.net/html/nuron/assets/images/collection/collection-lg-01.jpg]
[rainbowit.net/html/nuron/assets/images/collection/collection-sm-01.jpg]
[rainbowit.net/html/nuron/assets/images/collection/collection-sm-02.jpg]
[rainbowit.net/html/nuron/assets/images/collection/collection-sm-03.jpg]
[rainbowit.net/html/nuron/assets/images/client/client-15.png]
[rainbowit.net/html/nuron/assets/images/collection/collection-lg-03.jpg]
[rainbowit.net/html/nuron/assets/images/collection/collection-sm-04.jpg]
[rainbowit.net/html/nuron/assets/images/collection/collection-sm-05.jpg]
[rainbowit.net/html/nuron/assets/images/collection/collection-sm-06.jpg]
[rainbowit.net/html/nuron/assets/images/collection/collection-lg-02.jpg]
[rainbowit.net/html/nuron/assets/images/collection/collection-sm-07.jpg]
[rainbowit.net/html/nuron/assets/images/collection/collection-sm-08.jpg]
[rainbowit.net/html/nuron/assets/images/collection/collection-sm-09.jpg]
[rainbowit.net/html/nuron/assets/images/client/client-13.png]
[rainbowit.net/html/nuron/assets/images/collection/collection-lg-04.jpg]
[rainbowit.net/html/nuron/assets/images/collection/collection-sm-10.jpg]
[rainbowit.net/html/nuron/assets/images/collection/collection-sm-11.jpg]
[rainbowit.net/html/nuron/assets/images/collection/collection-sm-12.jpg]
[rainbowit.net/html/nuron/assets/images/client/client-14.png]
[rainbowit.net/html/nuron/assets/js/vendor/jquery.nice-select.min.js]
[rainbowit.net/html/nuron/assets/js/vendor/jquery.js]
[rainbowit.net/html/nuron/assets/js/vendor/jquery-ui.js]
[rainbowit.net/html/nuron/assets/js/vendor/modernizer.min.js]
[rainbowit.net/html/nuron/assets/js/vendor/feather.min.js]
[rainbowit.net/html/nuron/assets/js/vendor/slick.min.js]
[rainbowit.net/html/nuron/assets/js/vendor/bootstrap.min.js]
[rainbowit.net/html/nuron/assets/js/vendor/sal.min.js]
[rainbowit.net/html/nuron/assets/js/vendor/particles.js]
[rainbowit.net/html/nuron/assets/js/vendor/jquery.style.swicher.js]
[rainbowit.net/html/nuron/assets/js/vendor/js.cookie.js]
[rainbowit.net/html/nuron/assets/js/vendor/count-down.js]
[rainbowit.net/html/nuron/assets/js/vendor/isotop.js]
[rainbowit.net/html/nuron/assets/js/vendor/imageloaded.js]
[rainbowit.net/html/nuron/assets/js/vendor/backtoTop.js]
[rainbowit.net/html/nuron/assets/js/vendor/odometer.js]
[rainbowit.net/html/nuron/assets/js/vendor/jquery-appear.js]
[rainbowit.net/html/nuron/assets/js/vendor/scrolltrigger.js]
[rainbowit.net/html/nuron/assets/js/vendor/jquery.custom-file-input.js]
[rainbowit.net/html/nuron/assets/js/vendor/savePopup.js]
[rainbowit.net/html/nuron/assets/js/vendor/vanilla.tilt.js]
[rainbowit.net/html/nuron/assets/js/main.js]
[rainbowit.net/html/nuron/index.html]
[rainbowit.net/html/nuron/assets/css/vendor/bootstrap.min.css]
[rainbowit.net/html/nuron/assets/css/vendor/slick.css]
[rainbowit.net/html/nuron/assets/images/ajax-loader.gif]
[rainbowit.net/html/nuron/assets/fonts/slick.eot]
[rainbowit.net/html/nuron/assets/fonts/slickd41d.eot]
[rainbowit.net/html/nuron/assets/fonts/slick.woff]
[rainbowit.net/html/nuron/assets/fonts/slick.ttf]
[rainbowit.net/html/nuron/assets/fonts/slick.svg]
[rainbowit.net/html/nuron/assets/css/vendor/slick-theme.css]
[rainbowit.net/html/nuron/assets/css/vendor/nice-select.css]
[rainbowit.net/html/nuron/assets/fonts/Feather144f.woff]
[rainbowit.net/html/nuron/assets/js/vendor/maralis.js]
[rainbowit.net/html/nuron/assets/fonts/Feather144f.ttf]
[rainbowit.net/html/nuron/assets/css/plugins/feature.css]
[rainbowit.net/html/nuron/assets/fonts/Feather144f.svg]
[rainbowit.net/html/nuron/assets/css/plugins/images/ui-bg_inset-hard_100_fcfdfd_1x100.png]
[rainbowit.net/html/nuron/assets/js/vendor/web3.min.js]
[rainbowit.net/html/nuron/assets/css/plugins/images/ui-bg_gloss-wave_55_5c9ccc_500x100.png]
[rainbowit.net/html/nuron/assets/css/plugins/images/ui-bg_glass_85_dfeffc_1x400.png]
[rainbowit.net/html/nuron/assets/css/plugins/images/ui-bg_glass_75_d0e5f5_1x400.png]
[rainbowit.net/html/nuron/assets/css/plugins/images/ui-bg_inset-hard_100_f5f8f9_1x100.png]
[rainbowit.net/html/nuron/assets/css/plugins/images/ui-bg_glass_95_fef1ec_1x400.png]
[rainbowit.net/html/nuron/assets/css/plugins/images/ui-icons_469bdd_256x240.png]
[rainbowit.net/html/nuron/assets/css/plugins/images/ui-icons_d8e7f3_256x240.png]
[rainbowit.net/html/nuron/assets/css/plugins/images/ui-icons_6da8d5_256x240.png]
[rainbowit.net/html/nuron/assets/css/plugins/images/ui-icons_217bc0_256x240.png]
[rainbowit.net/html/nuron/assets/css/plugins/images/ui-icons_f9bd01_256x240.png]
[rainbowit.net/html/nuron/assets/css/plugins/images/ui-icons_2e83ff_256x240.png]
[rainbowit.net/html/nuron/assets/css/plugins/images/ui-icons_cd0a0a_256x240.png]
[rainbowit.net/html/nuron/assets/css/plugins/jquery-ui.min.css]
[rainbowit.net/html/nuron/assets/css/vendor/odometer.css]
[cdnjs.cloudflare.com/ajax/libs/font-awesome/4.7.0/css/font-awesome.min.css]
[rainbowit.net/html/nuron/assets/images/bg/bg-image-1.jpg]
[rainbowit.net/html/nuron/assets/images/bg/bg-image-2.jpg]
[rainbowit.net/html/nuron/assets/images/bg/bg-image-3.af.delayed]
[rainbowit.net/html/nuron/assets/images/bg/bg-image-4.jpg]
[rainbowit.net/html/nuron/assets/images/bg/bg-image-5.jpg]
[rainbowit.net/html/nuron/assets/images/bg/bg-image-6.jpg]
[rainbowit.net/html/nuron/assets/images/bg/bg-image-7.b3.delayed]
[rainbowit.net/html/nuron/assets/images/bg/bg-image-8.jpg]
[rainbowit.net/html/nuron/assets/images/bg/bg-image-9.jpg]
[rainbowit.net/html/nuron/assets/images/bg/bg-image-10.jpg]
[rainbowit.net/html/nuron/assets/images/bg/bg-image-11.jpg]
[rainbowit.net/html/nuron/assets/images/bg/bg-image-12.jpg]
[rainbowit.net/html/nuron/assets/images/bg/bg-image-13.jpg]
[rainbowit.net/html/nuron/assets/images/bg/bg-image-14.jpg]
[rainbowit.net/html/nuron/assets/images/bg/bg-image-15.jpg]
[rainbowit.net/html/nuron/assets/images/bg/bg-image-16.jpg]
[rainbowit.net/html/nuron/assets/images/bg/bg-image-17.jpg]
[rainbowit.net/html/nuron/assets/images/bg/bg-image-18.jpg]
[rainbowit.net/html/nuron/assets/images/bg/bg-image-19.jpg]
[rainbowit.net/html/nuron/assets/images/bg/bg-image-20.jpg]
[rainbowit.net/html/nuron/assets/images/bg/bg-image-21.jpg]
[rainbowit.net/html/nuron/assets/images/bg/bg-image-22.jpg]
[rainbowit.net/html/nuron/assets/images/bg/bg-image-23.jpg]
[rainbowit.net/html/nuron/assets/images/bg/bg-image-24.jpg]
[rainbowit.net/html/nuron/assets/images/bg/bg-image-25.jpg]
[rainbowit.net/html/nuron/assets/images/bg/bg-image-26.jpg]
[rainbowit.net/html/nuron/assets/images/bg/bg-image-27.jpg]
[rainbowit.net/html/nuron/assets/images/bg/bg-image-28.jpg]
[rainbowit.net/html/nuron/assets/images/bg/bg-image-29.jpg]
[rainbowit.net/html/nuron/assets/images/bg/bg-image-30.jpg]
[rainbowit.net/html/nuron/assets/images/bg/bg-image-31.jpg]
[rainbowit.net/html/nuron/assets/images/bg/bg-image-32.jpg]
[rainbowit.net/html/nuron/assets/images/bg/bg-image-33.jpg]
[rainbowit.net/html/nuron/assets/images/bg/bg-image-34.jpg]
[rainbowit.net/html/nuron/assets/images/bg/bg-image-35.jpg]
[rainbowit.net/html/nuron/assets/images/bg/bg-image-36.jpg]
[rainbowit.net/html/nuron/assets/images/bg/bg-image-37.jpg]
[rainbowit.net/html/nuron/assets/images/bg/bg-image-38.jpg]
[rainbowit.net/html/nuron/assets/images/bg/bg-image-39.jpg]
[rainbowit.net/html/nuron/assets/images/bg/bg-image-40.jpg]
[rainbowit.net/html/nuron/assets/images/icons/quote2.png]
[img.icons8.com/plasticine/100/000000/play.png]
[img.icons8.com/office/16/000000/back.png]
[img.icons8.com/office/16/000000/forward.png]
[rainbowit.net/html/nuron/assets/images/bg/bg-image-1.png]
[rainbowit.net/html/nuron/assets/images/bg/bg-image-2.png]
[rainbowit.net/html/nuron/assets/images/bg/bg-image-1.svg]
[rainbowit.net/html/nuron/assets/css/style.css]
[rainbowit.net/html/nuron/assets/images/banner/banner-01.jpg]
[rainbowit.net/html/nuron/assets/images/banner/banner-02.jpg]
[rainbowit.net/html/nuron/assets/images/banner/banner-03.jpg]
[rainbowit.net/html/nuron/assets/images/banner/banner-04.jpg]
[rainbowit.net/html/nuron/index-two.html]
[rainbowit.net/html/nuron/assets/images/banner/h-three-banner-01.jpg]
[rainbowit.net/html/nuron/assets/images/banner/h-three-banner-02.jpg]
[rainbowit.net/html/nuron/assets/images/banner/h-three-banner-03.jpg]
[rainbowit.net/html/nuron/assets/images/banner/banner-sm-01.jpg]
[rainbowit.net/html/nuron/assets/images/banner/banner-sm-02.jpg]
[rainbowit.net/html/nuron/assets/images/banner/banner-sm-03.jpg]
[rainbowit.net/html/nuron/assets/images/banner/banner-sm-04.jpg]
[rainbowit.net/html/nuron/assets/images/banner/banner-sm-05.jpg]
[rainbowit.net/html/nuron/assets/images/banner/banner-sm-06.jpg]
[rainbowit.net/html/nuron/assets/images/portfolio/portfolio-08.jpg]
[rainbowit.net/html/nuron/index-three.html]
[rainbowit.net/html/nuron/index-four.html]
[rainbowit.net/html/nuron/index-five.html]
[rainbowit.net/html/nuron/index-six.html]
[rainbowit.net/html/nuron/assets/images/client/testimonial-1.jpg]
[rainbowit.net/html/nuron/assets/images/logo/award-logo.png]
[rainbowit.net/html/nuron/product-details]
[rainbowit.net/html/nuron/assets/images/collection/collection-lg-05.jpg]
[rainbowit.net/html/nuron/index-seven.html]
[rainbowit.net/html/nuron/assets/images/icons/meta.svg]
[rainbowit.net/html/nuron/index-eight.html]
[rainbowit.net/html/nuron/index-nine.html]
[rainbowit.net/html/nuron/assets/images/icons/rating-2.png]
[rainbowit.net/html/nuron/assets/images/icons/trophy.png]
[rainbowit.net/html/nuron/assets/images/banner/banner-01.png]
[rainbowit.net/html/nuron/assets/images/banner/banner-02.png]
[rainbowit.net/html/nuron/assets/images/banner/banner-03.png]
[rainbowit.net/html/nuron/index-ten.html]
[rainbowit.net/html/nuron/assets/images/banner/badge.png]
[rainbowit.net/html/nuron/assets/images/brand/brand-01.png]
[rainbowit.net/html/nuron/assets/images/brand/brand-03.png]
[rainbowit.net/html/nuron/assets/images/brand/brand-06.png]
[rainbowit.net/html/nuron/assets/images/brand/brand-07.png]
[rainbowit.net/html/nuron/assets/images/brand/brand-04.png]
[rainbowit.net/html/nuron/assets/images/brand/brand-02.png]
[rainbowit.net/html/nuron/index-eleven.html]
[rainbowit.net/html/nuron/assets/images/icons/wallet/4.png]
[rainbowit.net/html/nuron/assets/images/icons/wallet/7.png]
[rainbowit.net/html/nuron/assets/images/icons/wallet/8.png]
[rainbowit.net/html/nuron/assets/images/icons/wallet/1.png]
[rainbowit.net/html/nuron/assets/images/icons/wallet/3.png]
[rainbowit.net/html/nuron/assets/images/icons/wallet/2.png]
[rainbowit.net/html/nuron/assets/images/icons/wallet/6.png]
[rainbowit.net/html/nuron/assets/images/icons/wallet/5.png]
[rainbowit.net/html/nuron/index-twelve.html]
[rainbowit.net/html/nuron/assets/images/banner/banner-05.jpg]
[rainbowit.net/html/nuron/index-thirteen.html]
[rainbowit.net/html/nuron/assets/images/vedio/banner04.mp4]
[rainbowit.net/html/nuron/index-fourteen.html]
[rainbowit.net/html/nuron/assets/images/banner/banner-04.png]
[rainbowit.net/html/nuron/assets/images/banner/banner-05.png]
[rainbowit.net/html/nuron/index-fifteen.html]
[rainbowit.net/html/nuron/assets/images/banner/banner-06.png]
[rainbowit.net/html/nuron/index-sixteen.html]
[cdnjs.cloudflare.com/ajax/libs/vanilla-tilt/1.7.0/vanilla-tilt.min.js]
[rainbowit.net/html/nuron/assets/images/banner/banner-10.png]
[rainbowit.net/html/nuron/index-seventeen.html]
[rainbowit.net/html/nuron/assets/images/banner/banner-08.png]
[rainbowit.net/html/nuron/assets/images/banner/banner-07.png]
[rainbowit.net/html/nuron/assets/images/banner/sm-icon/icon-1.png]
[rainbowit.net/html/nuron/assets/images/banner/sm-icon/icon-4.png]
[rainbowit.net/html/nuron/assets/images/banner/sm-icon/icon-5.png]
[rainbowit.net/html/nuron/assets/images/banner/sm-icon/icon-2.png]
[rainbowit.net/html/nuron/assets/images/banner/sm-icon/icon-6.png]
[rainbowit.net/html/nuron/assets/images/icons/shape-10.png]
[rainbowit.net/html/nuron/assets/images/icons/shape-11.png]
[rainbowit.net/html/nuron/assets/images/icons/shape-9.png]
[rainbowit.net/html/nuron/assets/images/icons/shape-13.png]
[rainbowit.net/html/nuron/index-eighteen.html]
[rainbowit.net/html/nuron/assets/images/blog/blog-02.jpg]
[rainbowit.net/html/nuron/assets/images/blog/blog-03.jpg]
[rainbowit.net/html/nuron/assets/images/blog/blog-04.jpg]
[rainbowit.net/html/nuron/assets/images/blog/blog-05.jpg]
[rainbowit.net/html/nuron/about.html]
[rainbowit.net/html/nuron/explore-one.html]
[rainbowit.net/html/nuron/explore-two.html]
[rainbowit.net/html/nuron/explore-three.html]
[rainbowit.net/html/nuron/explore-four.html]
[rainbowit.net/html/nuron/explore-five.html]
[rainbowit.net/html/nuron/explore-six.html]
[rainbowit.net/html/nuron/explore-seven.html]
[rainbowit.net/html/nuron/explore-eight.html]
[rainbowit.net/html/nuron/explore-list-style.html]
[rainbowit.net/html/nuron/explore-list-column-two.html]
[rainbowit.net/html/nuron/explore-left-filter.html]
[rainbowit.net/html/nuron/explore-live.html]
[rainbowit.net/html/nuron/explore-live-two.html]
[rainbowit.net/html/nuron/explore-live-three.html]
[rainbowit.net/html/nuron/create.html]
[rainbowit.net/html/nuron/assets/images/upload-variants/single.jpg]
[rainbowit.net/html/nuron/assets/images/upload-variants/multiple.jpg]
[rainbowit.net/html/nuron/upload-variants.html]
[rainbowit.net/html/nuron/assets/images/activity/activity-01.jpg]
[rainbowit.net/html/nuron/assets/images/activity/activity-02.jpg]
[rainbowit.net/html/nuron/assets/images/activity/activity-03.jpg]
[rainbowit.net/html/nuron/assets/images/activity/activity-04.jpg]
[rainbowit.net/html/nuron/assets/images/activity/activity-05.jpg]
[rainbowit.net/html/nuron/assets/images/activity/activity-06.jpg]
[rainbowit.net/html/nuron/activity.html]
[rainbowit.net/html/nuron/creator.html]
[rainbowit.net/html/nuron/collection.html]
[rainbowit.net/html/nuron/upcoming_projects.html]
[rainbowit.net/html/nuron/assets/images/profile/profile-01.jpg]
[rainbowit.net/html/nuron/assets/images/profile/cover-04.png]
[rainbowit.net/html/nuron/assets/images/profile/cover-03.jpg]
[rainbowit.net/html/nuron/create-collection.html]
[rainbowit.net/html/nuron/assets/images/icons/google.png]
[rainbowit.net/html/nuron/assets/images/icons/facebook.png]
[rainbowit.net/html/nuron/assets/images/icons/tweeter.png]
[rainbowit.net/html/nuron/assets/images/icons/linkedin.png]
[rainbowit.net/html/nuron/login.html]
[rainbowit.net/html/nuron/sign-up.html]
[rainbowit.net/html/nuron/forget.html]
[rainbowit.net/html/nuron/assets/images/slider/banner-06.png]
[rainbowit.net/html/nuron/author.html]
[rainbowit.net/html/nuron/assets/images/connect/connect-01.jpg]
[rainbowit.net/html/nuron/connect.html]
[rainbowit.net/html/nuron/privacy-policy.html]
[rainbowit.net/html/nuron/assets/images/newsletter/newsletter-01.jpg]
[rainbowit.net/html/nuron/newsletter.html]
[rainbowit.net/html/nuron/product.html]
[rainbowit.net/html/nuron/assets/images/portfolio/sm/portfolio-01.jpg]
[rainbowit.net/html/nuron/assets/images/portfolio/sm/portfolio-02.jpg]
[rainbowit.net/html/nuron/assets/images/portfolio/sm/portfolio-03.jpg]
[rainbowit.net/html/nuron/assets/images/portfolio/lg/portfolio-01.jpg]
[rainbowit.net/html/nuron/assets/images/portfolio/lg/portfolio-02.jpg]
[rainbowit.net/html/nuron/assets/images/portfolio/lg/portfolio-03.jpg]
[rainbowit.net/html/nuron/product-details.html]
[rainbowit.net/html/nuron/ranking.html]
[rainbowit.net/html/nuron/edit-profile.html]
[rainbowit.net/html/nuron/assets/images/blog/lg/blog-01.jpg]
[rainbowit.net/html/nuron/assets/images/blog/comment/comment-01.png]
[rainbowit.net/html/nuron/blog-details.html]
[rainbowit.net/html/nuron/404.html]
[rainbowit.net/html/nuron/assets/images/blog/community/community-post-01.jpg]
[rainbowit.net/html/nuron/post_details.html]
[rainbowit.net/html/nuron/assets/images/blog/community/community-post-02.jpg]
[rainbowit.net/html/nuron/forum-community.html]
[rainbowit.net/html/nuron/assets/images/contact/contact1.png]
[rainbowit.net/html/nuron/contact.html]
[rainbowit.net/html/nuron/support.html]
[rainbowit.net/html/nuron/terms-condition.html]
[rainbowit.net/html/nuron/coming-soon.html]
[rainbowit.net/html/nuron/forum-details.html]
[rainbowit.net/html/nuron/assets/images/blog/blog-06.jpg]
[rainbowit.net/html/nuron/maintenance.html]
[rainbowit.net/html/nuron/assets/images/blog/blog-07.jpg]
[rainbowit.net/html/nuron/assets/images/blog/blog-08.jpg]
[rainbowit.net/html/nuron/assets/images/blog/blog-09.jpg]
[rainbowit.net/html/nuron/blog.html]
[rainbowit.net/html/nuron/blog-single-col.html]
[rainbowit.net/html/nuron/blog-col-two.html]
[rainbowit.net/html/nuron/blog-col-three.html]
[rainbowit.net/html/nuron/assets/images/icons/sun-01.svg]
[rainbowit.net/html/nuron/assets/images/icons/vector.svg]
[rainbowit.net/html/nuron/assets/fonts/slick.svg]
[rainbowit.net/html/nuron/assets/fonts/Feather144f.svg]
[rainbowit.net/html/nuron/assets/css/plugins/images/ui-bg_inset-hard_100_fcfdfd_1x100.html]
[rainbowit.net/html/nuron/assets/css/plugins/images/ui-bg_gloss-wave_55_5c9ccc_500x100.html]
[rainbowit.net/html/nuron/assets/css/plugins/images/ui-bg_glass_85_dfeffc_1x400.html]
[rainbowit.net/html/nuron/assets/css/plugins/images/ui-bg_glass_75_d0e5f5_1x400.html]
[rainbowit.net/html/nuron/assets/css/plugins/images/ui-bg_inset-hard_100_f5f8f9_1x100.html]
[rainbowit.net/html/nuron/assets/css/plugins/images/ui-bg_glass_95_fef1ec_1x400.html]
[rainbowit.net/html/nuron/assets/css/plugins/images/ui-icons_469bdd_256x240.html]
[rainbowit.net/html/nuron/assets/css/plugins/images/ui-icons_d8e7f3_256x240.html]
[rainbowit.net/html/nuron/assets/css/plugins/images/ui-icons_6da8d5_256x240.html]
[rainbowit.net/html/nuron/assets/css/plugins/images/ui-icons_217bc0_256x240.html]
[rainbowit.net/html/nuron/assets/css/plugins/images/ui-icons_f9bd01_256x240.html]
[rainbowit.net/html/nuron/assets/css/plugins/images/ui-icons_2e83ff_256x240.html]
[rainbowit.net/html/nuron/assets/css/plugins/images/ui-icons_cd0a0a_256x240.html]
[cdnjs.cloudflare.com/ajax/libs/font-awesome/4.7.0/css/font-awesome.min.css]
[rainbowit.net/html/nuron/assets/images/client/client-9.png]
[rainbowit.net/html/nuron/assets/images/bg/bg-image-3.html]
[rainbowit.net/html/nuron/assets/images/bg/bg-image-4.html]
[rainbowit.net/html/nuron/assets/images/bg/bg-image-5.html]
[rainbowit.net/html/nuron/assets/images/bg/bg-image-7.html]
[rainbowit.net/html/nuron/assets/images/bg/bg-image-8.html]
[rainbowit.net/html/nuron/assets/images/bg/bg-image-11.html]
[rainbowit.net/html/nuron/assets/images/bg/bg-image-12.html]
[rainbowit.net/html/nuron/assets/images/bg/bg-image-25.html]
[rainbowit.net/html/nuron/assets/images/bg/bg-image-26.html]
[rainbowit.net/html/nuron/assets/images/bg/bg-image-27.html]
[rainbowit.net/html/nuron/assets/images/bg/bg-image-28.html]
[rainbowit.net/html/nuron/assets/images/bg/bg-image-29.html]
[rainbowit.net/html/nuron/assets/images/bg/bg-image-30.html]
[rainbowit.net/html/nuron/assets/images/bg/bg-image-31.html]
[rainbowit.net/html/nuron/assets/images/bg/bg-image-32.html]
[rainbowit.net/html/nuron/assets/images/bg/bg-image-33.html]
[rainbowit.net/html/nuron/assets/images/bg/bg-image-34.html]
[rainbowit.net/html/nuron/assets/images/bg/bg-image-35.html]
[rainbowit.net/html/nuron/assets/images/bg/bg-image-36.html]
[rainbowit.net/html/nuron/assets/images/bg/bg-image-37.html]
[rainbowit.net/html/nuron/assets/images/bg/bg-image-38.html]
[rainbowit.net/html/nuron/assets/images/bg/bg-image-39.html]
[rainbowit.net/html/nuron/assets/images/bg/bg-image-40.html]
[rainbowit.net/html/nuron/assets/images/bg/bg-image-1.html]
[rainbowit.net/html/nuron/assets/images/bg/bg-image-2.html]
[rainbowit.net/html/nuron/assets/images/portfolio/portfolio-04.jpg]
[rainbowit.net/html/nuron/assets/images/bg/bg-image-1.svg]
[rainbowit.net/html/nuron/product-details-2.html]
[rainbowit.net/html/nuron/assets/images/icons/meta.svg]
[rainbowit.net/html/nuron/assets/images/vedio/banner04.html]
[rainbowit.net/html/nuron/assets/images/bg/noise.gif]
[rainbowit.net/html/nuron/post_details.html]
[rainbowit.net/html/nuron/assets/images/banner/sm-icon/icon-3.png]
[rainbowit.net/html/nuron/maintenance.html]
[rainbowit.net/html/nuron/assets/js/vendor/nft.js]
